Archive member included to satisfy reference by file (symbol)

/opt/stm32cubeide/plugins/com.st.stm32cube.ide.mcu.externaltools.gnu-tools-for-stm32.10.3-2021.10.linux64_1.0.0.202111181127/tools/bin/../lib/gcc/arm-none-eabi/10.3.1/../../../../arm-none-eabi/lib/thumb/v6-m/nofp/libc_nano.a(lib_a-errno.o)
                              ./Core/Src/syscalls.o (__errno)
/opt/stm32cubeide/plugins/com.st.stm32cube.ide.mcu.externaltools.gnu-tools-for-stm32.10.3-2021.10.linux64_1.0.0.202111181127/tools/bin/../lib/gcc/arm-none-eabi/10.3.1/../../../../arm-none-eabi/lib/thumb/v6-m/nofp/libc_nano.a(lib_a-exit.o)
                              /opt/stm32cubeide/plugins/com.st.stm32cube.ide.mcu.externaltools.gnu-tools-for-stm32.10.3-2021.10.linux64_1.0.0.202111181127/tools/bin/../lib/gcc/arm-none-eabi/10.3.1/../../../../arm-none-eabi/lib/thumb/v6-m/nofp/crt0.o (exit)
/opt/stm32cubeide/plugins/com.st.stm32cube.ide.mcu.externaltools.gnu-tools-for-stm32.10.3-2021.10.linux64_1.0.0.202111181127/tools/bin/../lib/gcc/arm-none-eabi/10.3.1/../../../../arm-none-eabi/lib/thumb/v6-m/nofp/libc_nano.a(lib_a-impure.o)
                              /opt/stm32cubeide/plugins/com.st.stm32cube.ide.mcu.externaltools.gnu-tools-for-stm32.10.3-2021.10.linux64_1.0.0.202111181127/tools/bin/../lib/gcc/arm-none-eabi/10.3.1/../../../../arm-none-eabi/lib/thumb/v6-m/nofp/libc_nano.a(lib_a-exit.o) (_global_impure_ptr)
/opt/stm32cubeide/plugins/com.st.stm32cube.ide.mcu.externaltools.gnu-tools-for-stm32.10.3-2021.10.linux64_1.0.0.202111181127/tools/bin/../lib/gcc/arm-none-eabi/10.3.1/../../../../arm-none-eabi/lib/thumb/v6-m/nofp/libc_nano.a(lib_a-init.o)
                              /opt/stm32cubeide/plugins/com.st.stm32cube.ide.mcu.externaltools.gnu-tools-for-stm32.10.3-2021.10.linux64_1.0.0.202111181127/tools/bin/../lib/gcc/arm-none-eabi/10.3.1/../../../../arm-none-eabi/lib/thumb/v6-m/nofp/crt0.o (__libc_init_array)
/opt/stm32cubeide/plugins/com.st.stm32cube.ide.mcu.externaltools.gnu-tools-for-stm32.10.3-2021.10.linux64_1.0.0.202111181127/tools/bin/../lib/gcc/arm-none-eabi/10.3.1/../../../../arm-none-eabi/lib/thumb/v6-m/nofp/libc_nano.a(lib_a-memset.o)
                              /opt/stm32cubeide/plugins/com.st.stm32cube.ide.mcu.externaltools.gnu-tools-for-stm32.10.3-2021.10.linux64_1.0.0.202111181127/tools/bin/../lib/gcc/arm-none-eabi/10.3.1/../../../../arm-none-eabi/lib/thumb/v6-m/nofp/crt0.o (memset)
/opt/stm32cubeide/plugins/com.st.stm32cube.ide.mcu.externaltools.gnu-tools-for-stm32.10.3-2021.10.linux64_1.0.0.202111181127/tools/bin/../lib/gcc/arm-none-eabi/10.3.1/thumb/v6-m/nofp/libgcc.a(_udivsi3.o)
                              ./Core/Src/adc.o (__aeabi_uidiv)
/opt/stm32cubeide/plugins/com.st.stm32cube.ide.mcu.externaltools.gnu-tools-for-stm32.10.3-2021.10.linux64_1.0.0.202111181127/tools/bin/../lib/gcc/arm-none-eabi/10.3.1/thumb/v6-m/nofp/libgcc.a(_dvmd_tls.o)
                              /opt/stm32cubeide/plugins/com.st.stm32cube.ide.mcu.externaltools.gnu-tools-for-stm32.10.3-2021.10.linux64_1.0.0.202111181127/tools/bin/../lib/gcc/arm-none-eabi/10.3.1/thumb/v6-m/nofp/libgcc.a(_udivsi3.o) (__aeabi_idiv0)

Discarded input sections

 .text          0x0000000000000000        0x0 /opt/stm32cubeide/plugins/com.st.stm32cube.ide.mcu.externaltools.gnu-tools-for-stm32.10.3-2021.10.linux64_1.0.0.202111181127/tools/bin/../lib/gcc/arm-none-eabi/10.3.1/thumb/v6-m/nofp/crti.o
 .data          0x0000000000000000        0x0 /opt/stm32cubeide/plugins/com.st.stm32cube.ide.mcu.externaltools.gnu-tools-for-stm32.10.3-2021.10.linux64_1.0.0.202111181127/tools/bin/../lib/gcc/arm-none-eabi/10.3.1/thumb/v6-m/nofp/crti.o
 .bss           0x0000000000000000        0x0 /opt/stm32cubeide/plugins/com.st.stm32cube.ide.mcu.externaltools.gnu-tools-for-stm32.10.3-2021.10.linux64_1.0.0.202111181127/tools/bin/../lib/gcc/arm-none-eabi/10.3.1/thumb/v6-m/nofp/crti.o
 .data          0x0000000000000000        0x4 /opt/stm32cubeide/plugins/com.st.stm32cube.ide.mcu.externaltools.gnu-tools-for-stm32.10.3-2021.10.linux64_1.0.0.202111181127/tools/bin/../lib/gcc/arm-none-eabi/10.3.1/thumb/v6-m/nofp/crtbegin.o
 .rodata        0x0000000000000000       0x24 /opt/stm32cubeide/plugins/com.st.stm32cube.ide.mcu.externaltools.gnu-tools-for-stm32.10.3-2021.10.linux64_1.0.0.202111181127/tools/bin/../lib/gcc/arm-none-eabi/10.3.1/thumb/v6-m/nofp/crtbegin.o
 .text          0x0000000000000000       0x80 /opt/stm32cubeide/plugins/com.st.stm32cube.ide.mcu.externaltools.gnu-tools-for-stm32.10.3-2021.10.linux64_1.0.0.202111181127/tools/bin/../lib/gcc/arm-none-eabi/10.3.1/../../../../arm-none-eabi/lib/thumb/v6-m/nofp/crt0.o
 .data          0x0000000000000000        0x0 /opt/stm32cubeide/plugins/com.st.stm32cube.ide.mcu.externaltools.gnu-tools-for-stm32.10.3-2021.10.linux64_1.0.0.202111181127/tools/bin/../lib/gcc/arm-none-eabi/10.3.1/../../../../arm-none-eabi/lib/thumb/v6-m/nofp/crt0.o
[...]
Memory Configuration

Name             Origin             Length             Attributes
RAM              0x0000000020000000 0x0000000000000800 xrw
FLASH            0x0000000008000000 0x0000000000004000 xr
*default*        0x0000000000000000 0xffffffffffffffff

Linker script and memory map

LOAD /opt/stm32cubeide/plugins/com.st.stm32cube.ide.mcu.externaltools.gnu-tools-for-stm32.10.3-2021.10.linux64_1.0.0.202111181127/tools/bin/../lib/gcc/arm-none-eabi/10.3.1/thumb/v6-m/nofp/crti.o
LOAD /opt/stm32cubeide/plugins/com.st.stm32cube.ide.mcu.externaltools.gnu-tools-for-stm32.10.3-2021.10.linux64_1.0.0.202111181127/tools/bin/../lib/gcc/arm-none-eabi/10.3.1/thumb/v6-m/nofp/crtbegin.o
LOAD /opt/stm32cubeide/plugins/com.st.stm32cube.ide.mcu.externaltools.gnu-tools-for-stm32.10.3-2021.10.linux64_1.0.0.202111181127/tools/bin/../lib/gcc/arm-none-eabi/10.3.1/../../../../arm-none-eabi/lib/thumb/v6-m/nofp/crt0.o
LOAD ./Core/Src/Led.o
LOAD ./Core/Src/Serial.o
LOAD ./Core/Src/TimeBase.o
LOAD ./Core/Src/adc.o
LOAD ./Core/Src/gpio.o
LOAD ./Core/Src/main.o
LOAD ./Core/Src/spi.o
LOAD ./Core/Src/stm32l0xx_it.o
LOAD ./Core/Src/syscalls.o
LOAD ./Core/Src/sysmem.o
LOAD ./Core/Src/system_stm32l0xx.o
LOAD ./Core/Src/tim.o
LOAD ./Core/Src/usart.o
LOAD ./Core/Startup/startup_stm32l021k4tx.o
LOAD ./Drivers/STM32L0xx_HAL_Driver/Src/stm32l0xx_ll_adc.o
LOAD ./Drivers/STM32L0xx_HAL_Driver/Src/stm32l0xx_ll_dma.o
LOAD ./Drivers/STM32L0xx_HAL_Driver/Src/stm32l0xx_ll_exti.o
LOAD ./Drivers/STM32L0xx_HAL_Driver/Src/stm32l0xx_ll_gpio.o
LOAD ./Drivers/STM32L0xx_HAL_Driver/Src/stm32l0xx_ll_pwr.o
LOAD ./Drivers/STM32L0xx_HAL_Driver/Src/stm32l0xx_ll_rcc.o
LOAD ./Drivers/STM32L0xx_HAL_Driver/Src/stm32l0xx_ll_spi.o
LOAD ./Drivers/STM32L0xx_HAL_Driver/Src/stm32l0xx_ll_tim.o
LOAD ./Drivers/STM32L0xx_HAL_Driver/Src/stm32l0xx_ll_usart.o
LOAD ./Drivers/STM32L0xx_HAL_Driver/Src/stm32l0xx_ll_utils.o
START GROUP
LOAD /opt/stm32cubeide/plugins/com.st.stm32cube.ide.mcu.externaltools.gnu-tools-for-stm32.10.3-2021.10.linux64_1.0.0.202111181127/tools/bin/../lib/gcc/arm-none-eabi/10.3.1/../../../../arm-none-eabi/lib/thumb/v6-m/nofp/libc_nano.a
LOAD /opt/stm32cubeide/plugins/com.st.stm32cube.ide.mcu.externaltools.gnu-tools-for-stm32.10.3-2021.10.linux64_1.0.0.202111181127/tools/bin/../lib/gcc/arm-none-eabi/10.3.1/../../../../arm-none-eabi/lib/thumb/v6-m/nofp/libm.a
END GROUP
START GROUP
LOAD /opt/stm32cubeide/plugins/com.st.stm32cube.ide.mcu.externaltools.gnu-tools-for-stm32.10.3-2021.10.linux64_1.0.0.202111181127/tools/bin/../lib/gcc/arm-none-eabi/10.3.1/thumb/v6-m/nofp/libgcc.a
LOAD /opt/stm32cubeide/plugins/com.st.stm32cube.ide.mcu.externaltools.gnu-tools-for-stm32.10.3-2021.10.linux64_1.0.0.202111181127/tools/bin/../lib/gcc/arm-none-eabi/10.3.1/../../../../arm-none-eabi/lib/thumb/v6-m/nofp/libc_nano.a
END GROUP
START GROUP
LOAD /opt/stm32cubeide/plugins/com.st.stm32cube.ide.mcu.externaltools.gnu-tools-for-stm32.10.3-2021.10.linux64_1.0.0.202111181127/tools/bin/../lib/gcc/arm-none-eabi/10.3.1/thumb/v6-m/nofp/libgcc.a
LOAD /opt/stm32cubeide/plugins/com.st.stm32cube.ide.mcu.externaltools.gnu-tools-for-stm32.10.3-2021.10.linux64_1.0.0.202111181127/tools/bin/../lib/gcc/arm-none-eabi/10.3.1/../../../../arm-none-eabi/lib/thumb/v6-m/nofp/libc_nano.a
LOAD /opt/stm32cubeide/plugins/com.st.stm32cube.ide.mcu.externaltools.gnu-tools-for-stm32.10.3-2021.10.linux64_1.0.0.202111181127/tools/bin/../lib/gcc/arm-none-eabi/10.3.1/../../../../arm-none-eabi/lib/thumb/v6-m/nofp/libnosys.a
END GROUP
START GROUP
LOAD /opt/stm32cubeide/plugins/com.st.stm32cube.ide.mcu.externaltools.gnu-tools-for-stm32.10.3-2021.10.linux64_1.0.0.202111181127/tools/bin/../lib/gcc/arm-none-eabi/10.3.1/thumb/v6-m/nofp/libgcc.a
LOAD /opt/stm32cubeide/plugins/com.st.stm32cube.ide.mcu.externaltools.gnu-tools-for-stm32.10.3-2021.10.linux64_1.0.0.202111181127/tools/bin/../lib/gcc/arm-none-eabi/10.3.1/../../../../arm-none-eabi/lib/thumb/v6-m/nofp/libc_nano.a
LOAD /opt/stm32cubeide/plugins/com.st.stm32cube.ide.mcu.externaltools.gnu-tools-for-stm32.10.3-2021.10.linux64_1.0.0.202111181127/tools/bin/../lib/gcc/arm-none-eabi/10.3.1/../../../../arm-none-eabi/lib/thumb/v6-m/nofp/libnosys.a
END GROUP
LOAD /opt/stm32cubeide/plugins/com.st.stm32cube.ide.mcu.externaltools.gnu-tools-for-stm32.10.3-2021.10.linux64_1.0.0.202111181127/tools/bin/../lib/gcc/arm-none-eabi/10.3.1/thumb/v6-m/nofp/crtend.o
LOAD /opt/stm32cubeide/plugins/com.st.stm32cube.ide.mcu.externaltools.gnu-tools-for-stm32.10.3-2021.10.linux64_1.0.0.202111181127/tools/bin/../lib/gcc/arm-none-eabi/10.3.1/thumb/v6-m/nofp/crtn.o
                0x0000000020000800                _estack = (ORIGIN (RAM) + LENGTH (RAM))
                0x0000000000000200                _Min_Heap_Size = 0x200
                0x0000000000000400                _Min_Stack_Size = 0x400

.isr_vector     0x0000000008000000       0xc0
                0x0000000008000000                . = ALIGN (0x4)
 *(.isr_vector)
 .isr_vector    0x0000000008000000       0xc0 ./Core/Startup/startup_stm32l021k4tx.o
                0x0000000008000000                g_pfnVectors
                0x00000000080000c0                . = ALIGN (0x4)

.text           0x00000000080000c0     0x2264
                0x00000000080000c0                . = ALIGN (0x4)
 *(.text)
 .text          0x00000000080000c0       0x48 /opt/stm32cubeide/plugins/com.st.stm32cube.ide.mcu.externaltools.gnu-tools-for-stm32.10.3-2021.10.linux64_1.0.0.202111181127/tools/bin/../lib/gcc/arm-none-eabi/10.3.1/thumb/v6-m/nofp/crtbegin.o
 .text          0x0000000008000108      0x114 /opt/stm32cubeide/plugins/com.st.stm32cube.ide.mcu.externaltools.gnu-tools-for-stm32.10.3-2021.10.linux64_1.0.0.202111181127/tools/bin/../lib/gcc/arm-none-eabi/10.3.1/thumb/v6-m/nofp/libgcc.a(_udivsi3.o)
                0x0000000008000108                __udivsi3
                0x0000000008000108                __aeabi_uidiv
                0x0000000008000214                __aeabi_uidivmod
 .text          0x000000000800021c        0x4 /opt/stm32cubeide/plugins/com.st.stm32cube.ide.mcu.externaltools.gnu-tools-for-stm32.10.3-2021.10.linux64_1.0.0.202111181127/tools/bin/../lib/gcc/arm-none-eabi/10.3.1/thumb/v6-m/nofp/libgcc.a(_dvmd_tls.o)
                0x000000000800021c                __aeabi_ldiv0
                0x000000000800021c                __aeabi_idiv0
 *(.text*)
 .text.LL_TIM_EnableCounter
                0x0000000008000220       0x1c ./Core/Src/Led.o
 .text.LL_TIM_CC_EnableChannel
                0x000000000800023c       0x1e ./Core/Src/Led.o
 .text.LL_TIM_OC_SetCompareCH1
                0x000000000800025a       0x18 ./Core/Src/Led.o
 .text.LedStart
                0x0000000008000272       0x2a ./Core/Src/Led.o
                0x0000000008000272                LedStart
 .text.LedSetValue
                0x000000000800029c       0x20 ./Core/Src/Led.o
                0x000000000800029c                LedSetValue
 .text.LedPulse
                0x00000000080002bc       0x5a ./Core/Src/Led.o
                0x00000000080002bc                LedPulse
 .text.LL_USART_IsActiveFlag_RXNE
                0x0000000008000316       0x22 ./Core/Src/Serial.o
 .text.LL_USART_IsActiveFlag_TXE
                0x0000000008000338       0x22 ./Core/Src/Serial.o
 .text.LL_USART_ReceiveData8
                0x000000000800035a       0x16 ./Core/Src/Serial.o
 .text.LL_USART_TransmitData8
                0x0000000008000370       0x1e ./Core/Src/Serial.o
 .text.SerialTransmit
                0x000000000800038e       0x54 ./Core/Src/Serial.o
                0x000000000800038e                SerialTransmit
 .text.SerialReceiveChar
                0x00000000080003e2       0x32 ./Core/Src/Serial.o
                0x00000000080003e2                SerialReceiveChar
 .text.LL_TIM_EnableCounter
                0x0000000008000414       0x1c ./Core/Src/TimeBase.o
 .text.LL_TIM_EnableIT_UPDATE
                0x0000000008000430       0x1c ./Core/Src/TimeBase.o
 .text.TimeBaseStartIT
                0x000000000800044c       0x20 ./Core/Src/TimeBase.o
                0x000000000800044c                TimeBaseStartIT
 .text.LL_ADC_SetCommonFrequencyMode
                0x000000000800046c       0x28 ./Core/Src/adc.o
 .text.LL_ADC_SetSamplingTimeCommonChannels
                0x0000000008000494       0x24 ./Core/Src/adc.o
 .text.LL_ADC_REG_SetSequencerScanDirection
                0x00000000080004b8       0x24 ./Core/Src/adc.o
 .text.LL_ADC_REG_SetSequencerChAdd
                0x00000000080004dc       0x22 ./Core/Src/adc.o
 .text.LL_ADC_SetOverSamplingScope
                0x00000000080004fe       0x24 ./Core/Src/adc.o
 *fill*         0x0000000008000522        0x2 
 .text.LL_ADC_EnableInternalRegulator
                0x0000000008000524       0x28 ./Core/Src/adc.o
 .text.LL_ADC_DisableIT_EOC
                0x000000000800054c       0x1e ./Core/Src/adc.o
 .text.LL_ADC_DisableIT_EOS
                0x000000000800056a       0x1e ./Core/Src/adc.o
 .text.LL_APB2_GRP1_EnableClock
                0x0000000008000588       0x2c ./Core/Src/adc.o
 .text.LL_IOP_GRP1_EnableClock
                0x00000000080005b4       0x2c ./Core/Src/adc.o
 .text.MX_ADC_Init
                0x00000000080005e0      0x154 ./Core/Src/adc.o
                0x00000000080005e0                MX_ADC_Init
 .text.LL_IOP_GRP1_EnableClock
                0x0000000008000734       0x2c ./Core/Src/gpio.o
 .text.LL_GPIO_ResetOutputPin
                0x0000000008000760       0x18 ./Core/Src/gpio.o
 .text.MX_GPIO_Init
                0x0000000008000778       0x92 ./Core/Src/gpio.o
                0x0000000008000778                MX_GPIO_Init
 *fill*         0x000000000800080a        0x2 
 .text.__NVIC_SetPriority
                0x000000000800080c       0xdc ./Core/Src/main.o
 .text.LL_RCC_HSI_Enable
                0x00000000080008e8       0x1c ./Core/Src/main.o
 .text.LL_RCC_HSI_IsReady
                0x0000000008000904       0x20 ./Core/Src/main.o
 .text.LL_RCC_HSI_SetCalibTrimming
                0x0000000008000924       0x2c ./Core/Src/main.o
 .text.LL_RCC_SetSysClkSource
                0x0000000008000950       0x28 ./Core/Src/main.o
 .text.LL_RCC_GetSysClkSource
                0x0000000008000978       0x18 ./Core/Src/main.o
 .text.LL_RCC_SetAHBPrescaler
                0x0000000008000990       0x28 ./Core/Src/main.o
 .text.LL_RCC_SetAPB1Prescaler
                0x00000000080009b8       0x2c ./Core/Src/main.o
 .text.LL_RCC_SetAPB2Prescaler
                0x00000000080009e4       0x2c ./Core/Src/main.o
 .text.LL_RCC_SetUSARTClockSource
                0x0000000008000a10       0x30 ./Core/Src/main.o
 .text.LL_RCC_PLL_Enable
                0x0000000008000a40       0x1c ./Core/Src/main.o
 .text.LL_RCC_PLL_IsReady
                0x0000000008000a5c       0x28 ./Core/Src/main.o
 .text.LL_RCC_PLL_ConfigDomain_SYS
                0x0000000008000a84       0x38 ./Core/Src/main.o
 .text.LL_APB1_GRP1_EnableClock
                0x0000000008000abc       0x2c ./Core/Src/main.o
 .text.LL_APB2_GRP1_EnableClock
                0x0000000008000ae8       0x2c ./Core/Src/main.o
 .text.LL_FLASH_SetLatency
                0x0000000008000b14       0x28 ./Core/Src/main.o
 .text.LL_FLASH_GetLatency
                0x0000000008000b3c       0x18 ./Core/Src/main.o
 .text.LL_PWR_SetRegulVoltageScaling
                0x0000000008000b54       0x2c ./Core/Src/main.o
 .text.main     0x0000000008000b80       0x78 ./Core/Src/main.o
                0x0000000008000b80                main
 .text.SystemClock_Config
                0x0000000008000bf8       0xa0 ./Core/Src/main.o
                0x0000000008000bf8                SystemClock_Config
 .text.LL_APB2_GRP1_EnableClock
                0x0000000008000c98       0x2c ./Core/Src/spi.o
 .text.LL_IOP_GRP1_EnableClock
                0x0000000008000cc4       0x2c ./Core/Src/spi.o
 .text.LL_SPI_SetStandard
                0x0000000008000cf0       0x24 ./Core/Src/spi.o
 .text.MX_SPI1_Init
                0x0000000008000d14       0xfc ./Core/Src/spi.o
                0x0000000008000d14                MX_SPI1_Init
 .text.LL_TIM_ClearFlag_UPDATE
                0x0000000008000e10       0x18 ./Core/Src/stm32l0xx_it.o
 .text.NMI_Handler
                0x0000000008000e28        0x6 ./Core/Src/stm32l0xx_it.o
                0x0000000008000e28                NMI_Handler
 .text.HardFault_Handler
                0x0000000008000e2e        0x6 ./Core/Src/stm32l0xx_it.o
                0x0000000008000e2e                HardFault_Handler
 .text.SVC_Handler
                0x0000000008000e34        0xa ./Core/Src/stm32l0xx_it.o
                0x0000000008000e34                SVC_Handler
 .text.PendSV_Handler
                0x0000000008000e3e        0xa ./Core/Src/stm32l0xx_it.o
                0x0000000008000e3e                PendSV_Handler
 .text.SysTick_Handler
                0x0000000008000e48        0xa ./Core/Src/stm32l0xx_it.o
                0x0000000008000e48                SysTick_Handler
 *fill*         0x0000000008000e52        0x2 
 .text.TIM21_IRQHandler
                0x0000000008000e54       0x24 ./Core/Src/stm32l0xx_it.o
                0x0000000008000e54                TIM21_IRQHandler
 .text.SystemInit
                0x0000000008000e78        0xa ./Core/Src/system_stm32l0xx.o
                0x0000000008000e78                SystemInit
 *fill*         0x0000000008000e82        0x2 
 .text.__NVIC_EnableIRQ
                0x0000000008000e84       0x34 ./Core/Src/tim.o
 .text.__NVIC_SetPriority
                0x0000000008000eb8       0xdc ./Core/Src/tim.o
 .text.LL_APB1_GRP1_EnableClock
                0x0000000008000f94       0x2c ./Core/Src/tim.o
 .text.LL_APB2_GRP1_EnableClock
                0x0000000008000fc0       0x2c ./Core/Src/tim.o
 .text.LL_IOP_GRP1_EnableClock
                0x0000000008000fec       0x2c ./Core/Src/tim.o
 .text.LL_TIM_DisableARRPreload
                0x0000000008001018       0x1e ./Core/Src/tim.o
 *fill*         0x0000000008001036        0x2 
 .text.LL_TIM_OC_DisableFast
                0x0000000008001038       0x70 ./Core/Src/tim.o
 .text.LL_TIM_OC_EnablePreload
                0x00000000080010a8       0x70 ./Core/Src/tim.o
 .text.LL_TIM_SetClockSource
                0x0000000008001118       0x28 ./Core/Src/tim.o
 .text.LL_TIM_SetTriggerOutput
                0x0000000008001140       0x24 ./Core/Src/tim.o
 .text.LL_TIM_DisableMasterSlaveMode
                0x0000000008001164       0x1e ./Core/Src/tim.o
 .text.MX_TIM2_Init
                0x0000000008001182      0x10e ./Core/Src/tim.o
                0x0000000008001182                MX_TIM2_Init
 .text.MX_TIM21_Init
                0x0000000008001290       0x80 ./Core/Src/tim.o
                0x0000000008001290                MX_TIM21_Init
 .text.LL_APB1_GRP1_EnableClock
                0x0000000008001310       0x2c ./Core/Src/usart.o
 .text.LL_IOP_GRP1_EnableClock
                0x000000000800133c       0x2c ./Core/Src/usart.o
 .text.LL_USART_Enable
                0x0000000008001368       0x1c ./Core/Src/usart.o
 .text.LL_USART_ConfigAsyncMode
                0x0000000008001384       0x30 ./Core/Src/usart.o
 .text.MX_USART2_UART_Init
                0x00000000080013b4       0xf0 ./Core/Src/usart.o
                0x00000000080013b4                MX_USART2_UART_Init
 .text.Reset_Handler
                0x00000000080014a4       0x80 ./Core/Startup/startup_stm32l021k4tx.o
                0x00000000080014a4                Reset_Handler
 .text.Default_Handler
                0x0000000008001524        0x2 ./Core/Startup/startup_stm32l021k4tx.o
                0x0000000008001524                ADC1_COMP_IRQHandler
                0x0000000008001524                PVD_IRQHandler
                0x0000000008001524                I2C1_IRQHandler
                0x0000000008001524                SPI1_IRQHandler
                0x0000000008001524                EXTI2_3_IRQHandler
                0x0000000008001524                AES_LPUART1_IRQHandler
                0x0000000008001524                RTC_IRQHandler
                0x0000000008001524                EXTI4_15_IRQHandler
                0x0000000008001524                RCC_IRQHandler
                0x0000000008001524                DMA1_Channel1_IRQHandler
                0x0000000008001524                Default_Handler
                0x0000000008001524                DMA1_Channel4_5_IRQHandler
                0x0000000008001524                EXTI0_1_IRQHandler
                0x0000000008001524                WWDG_IRQHandler
                0x0000000008001524                TIM2_IRQHandler
                0x0000000008001524                DMA1_Channel2_3_IRQHandler
                0x0000000008001524                USART2_IRQHandler
                0x0000000008001524                FLASH_IRQHandler
                0x0000000008001524                LPTIM1_IRQHandler
 .text.LL_ADC_IsEnabled
                0x0000000008001526       0x20 ./Drivers/STM32L0xx_HAL_Driver/Src/stm32l0xx_ll_adc.o
 *fill*         0x0000000008001546        0x2 
 .text.LL_ADC_Init
                0x0000000008001548       0x6c ./Drivers/STM32L0xx_HAL_Driver/Src/stm32l0xx_ll_adc.o
                0x0000000008001548                LL_ADC_Init
 .text.LL_ADC_REG_Init
                0x00000000080015b4       0x64 ./Drivers/STM32L0xx_HAL_Driver/Src/stm32l0xx_ll_adc.o
                0x00000000080015b4                LL_ADC_REG_Init
 .text.LL_GPIO_SetPinMode
                0x0000000008001618       0x38 ./Drivers/STM32L0xx_HAL_Driver/Src/stm32l0xx_ll_gpio.o
 .text.LL_GPIO_SetPinOutputType
                0x0000000008001650       0x2a ./Drivers/STM32L0xx_HAL_Driver/Src/stm32l0xx_ll_gpio.o
 .text.LL_GPIO_SetPinSpeed
                0x000000000800167a       0x38 ./Drivers/STM32L0xx_HAL_Driver/Src/stm32l0xx_ll_gpio.o
 .text.LL_GPIO_SetPinPull
                0x00000000080016b2       0x38 ./Drivers/STM32L0xx_HAL_Driver/Src/stm32l0xx_ll_gpio.o
 .text.LL_GPIO_SetAFPin_0_7
                0x00000000080016ea       0x46 ./Drivers/STM32L0xx_HAL_Driver/Src/stm32l0xx_ll_gpio.o
 .text.LL_GPIO_SetAFPin_8_15
                0x0000000008001730       0x5a ./Drivers/STM32L0xx_HAL_Driver/Src/stm32l0xx_ll_gpio.o
 .text.LL_GPIO_Init
                0x000000000800178a       0xbc ./Drivers/STM32L0xx_HAL_Driver/Src/stm32l0xx_ll_gpio.o
                0x000000000800178a                LL_GPIO_Init
 *fill*         0x0000000008001846        0x2 
 .text.LL_RCC_HSI_IsReady
                0x0000000008001848       0x20 ./Drivers/STM32L0xx_HAL_Driver/Src/stm32l0xx_ll_rcc.o
 .text.LL_RCC_LSE_IsReady
                0x0000000008001868       0x28 ./Drivers/STM32L0xx_HAL_Driver/Src/stm32l0xx_ll_rcc.o
 .text.LL_RCC_MSI_GetRange
                0x0000000008001890       0x18 ./Drivers/STM32L0xx_HAL_Driver/Src/stm32l0xx_ll_rcc.o
 .text.LL_RCC_GetSysClkSource
                0x00000000080018a8       0x18 ./Drivers/STM32L0xx_HAL_Driver/Src/stm32l0xx_ll_rcc.o
 .text.LL_RCC_GetAHBPrescaler
                0x00000000080018c0       0x18 ./Drivers/STM32L0xx_HAL_Driver/Src/stm32l0xx_ll_rcc.o
 .text.LL_RCC_GetAPB1Prescaler
                0x00000000080018d8       0x18 ./Drivers/STM32L0xx_HAL_Driver/Src/stm32l0xx_ll_rcc.o
 .text.LL_RCC_GetUSARTClockSource
                0x00000000080018f0       0x24 ./Drivers/STM32L0xx_HAL_Driver/Src/stm32l0xx_ll_rcc.o
 .text.LL_RCC_PLL_GetMainSource
                0x0000000008001914       0x18 ./Drivers/STM32L0xx_HAL_Driver/Src/stm32l0xx_ll_rcc.o
 .text.LL_RCC_PLL_GetMultiplicator
                0x000000000800192c       0x18 ./Drivers/STM32L0xx_HAL_Driver/Src/stm32l0xx_ll_rcc.o
 .text.LL_RCC_PLL_GetDivider
                0x0000000008001944       0x18 ./Drivers/STM32L0xx_HAL_Driver/Src/stm32l0xx_ll_rcc.o
 .text.LL_RCC_IsActiveFlag_HSIDIV
                0x000000000800195c       0x20 ./Drivers/STM32L0xx_HAL_Driver/Src/stm32l0xx_ll_rcc.o
 .text.LL_RCC_GetUSARTClockFreq
                0x000000000800197c       0xb0 ./Drivers/STM32L0xx_HAL_Driver/Src/stm32l0xx_ll_rcc.o
                0x000000000800197c                LL_RCC_GetUSARTClockFreq
 .text.RCC_GetSystemClockFreq
                0x0000000008001a2c       0x88 ./Drivers/STM32L0xx_HAL_Driver/Src/stm32l0xx_ll_rcc.o
 .text.RCC_GetHCLKClockFreq
                0x0000000008001ab4       0x2c ./Drivers/STM32L0xx_HAL_Driver/Src/stm32l0xx_ll_rcc.o
 .text.RCC_GetPCLK1ClockFreq
                0x0000000008001ae0       0x28 ./Drivers/STM32L0xx_HAL_Driver/Src/stm32l0xx_ll_rcc.o
 .text.RCC_PLL_GetFreqDomain_SYS
                0x0000000008001b08       0x70 ./Drivers/STM32L0xx_HAL_Driver/Src/stm32l0xx_ll_rcc.o
 .text.LL_SPI_IsEnabled
                0x0000000008001b78       0x22 ./Drivers/STM32L0xx_HAL_Driver/Src/stm32l0xx_ll_spi.o
 .text.LL_SPI_SetCRCPolynomial
                0x0000000008001b9a       0x1c ./Drivers/STM32L0xx_HAL_Driver/Src/stm32l0xx_ll_spi.o
 *fill*         0x0000000008001bb6        0x2 
 .text.LL_SPI_Init
                0x0000000008001bb8       0xac ./Drivers/STM32L0xx_HAL_Driver/Src/stm32l0xx_ll_spi.o
                0x0000000008001bb8                LL_SPI_Init
 .text.LL_TIM_SetPrescaler
                0x0000000008001c64       0x18 ./Drivers/STM32L0xx_HAL_Driver/Src/stm32l0xx_ll_tim.o
 .text.LL_TIM_SetAutoReload
                0x0000000008001c7c       0x18 ./Drivers/STM32L0xx_HAL_Driver/Src/stm32l0xx_ll_tim.o
 .text.LL_TIM_OC_SetCompareCH1
                0x0000000008001c94       0x18 ./Drivers/STM32L0xx_HAL_Driver/Src/stm32l0xx_ll_tim.o
 .text.LL_TIM_OC_SetCompareCH2
                0x0000000008001cac       0x18 ./Drivers/STM32L0xx_HAL_Driver/Src/stm32l0xx_ll_tim.o
 .text.LL_TIM_OC_SetCompareCH3
                0x0000000008001cc4       0x18 ./Drivers/STM32L0xx_HAL_Driver/Src/stm32l0xx_ll_tim.o
 .text.LL_TIM_OC_SetCompareCH4
                0x0000000008001cdc       0x18 ./Drivers/STM32L0xx_HAL_Driver/Src/stm32l0xx_ll_tim.o
 .text.LL_TIM_GenerateEvent_UPDATE
                0x0000000008001cf4       0x1c ./Drivers/STM32L0xx_HAL_Driver/Src/stm32l0xx_ll_tim.o
 .text.LL_TIM_Init
                0x0000000008001d10       0x90 ./Drivers/STM32L0xx_HAL_Driver/Src/stm32l0xx_ll_tim.o
                0x0000000008001d10                LL_TIM_Init
 .text.LL_TIM_OC_Init
                0x0000000008001da0       0xb2 ./Drivers/STM32L0xx_HAL_Driver/Src/stm32l0xx_ll_tim.o
                0x0000000008001da0                LL_TIM_OC_Init
 .text.OC1Config
                0x0000000008001e52       0x8c ./Drivers/STM32L0xx_HAL_Driver/Src/stm32l0xx_ll_tim.o
 *fill*         0x0000000008001ede        0x2 
 .text.OC2Config
                0x0000000008001ee0       0x98 ./Drivers/STM32L0xx_HAL_Driver/Src/stm32l0xx_ll_tim.o
 .text.OC3Config
                0x0000000008001f78       0x94 ./Drivers/STM32L0xx_HAL_Driver/Src/stm32l0xx_ll_tim.o
 .text.OC4Config
                0x000000000800200c       0x9c ./Drivers/STM32L0xx_HAL_Driver/Src/stm32l0xx_ll_tim.o
 .text.LL_USART_IsEnabled
                0x00000000080020a8       0x22 ./Drivers/STM32L0xx_HAL_Driver/Src/stm32l0xx_ll_usart.o
 *fill*         0x00000000080020ca        0x2 
 .text.LL_USART_SetStopBitsLength
                0x00000000080020cc       0x28 ./Drivers/STM32L0xx_HAL_Driver/Src/stm32l0xx_ll_usart.o
 .text.LL_USART_SetHWFlowCtrl
                0x00000000080020f4       0x28 ./Drivers/STM32L0xx_HAL_Driver/Src/stm32l0xx_ll_usart.o
 .text.LL_USART_SetBaudRate
                0x000000000800211c       0x78 ./Drivers/STM32L0xx_HAL_Driver/Src/stm32l0xx_ll_usart.o
 .text.LL_USART_Init
                0x0000000008002194       0xb0 ./Drivers/STM32L0xx_HAL_Driver/Src/stm32l0xx_ll_usart.o
                0x0000000008002194                LL_USART_Init
 .text.LL_InitTick
                0x0000000008002244       0x34 ./Drivers/STM32L0xx_HAL_Driver/Src/stm32l0xx_ll_utils.o
 .text.LL_Init1msTick
                0x0000000008002278       0x1e ./Drivers/STM32L0xx_HAL_Driver/Src/stm32l0xx_ll_utils.o
                0x0000000008002278                LL_Init1msTick
 *fill*         0x0000000008002296        0x2 
 .text.LL_SetSystemCoreClock
                0x0000000008002298       0x1c ./Drivers/STM32L0xx_HAL_Driver/Src/stm32l0xx_ll_utils.o
                0x0000000008002298                LL_SetSystemCoreClock
 .text.__libc_init_array
                0x00000000080022b4       0x48 /opt/stm32cubeide/plugins/com.st.stm32cube.ide.mcu.externaltools.gnu-tools-for-stm32.10.3-2021.10.linux64_1.0.0.202111181127/tools/bin/../lib/gcc/arm-none-eabi/10.3.1/../../../../arm-none-eabi/lib/thumb/v6-m/nofp/libc_nano.a(lib_a-init.o)
                0x00000000080022b4                __libc_init_array
 .text.memset   0x00000000080022fc       0x10 /opt/stm32cubeide/plugins/com.st.stm32cube.ide.mcu.externaltools.gnu-tools-for-stm32.10.3-2021.10.linux64_1.0.0.202111181127/tools/bin/../lib/gcc/arm-none-eabi/10.3.1/../../../../arm-none-eabi/lib/thumb/v6-m/nofp/libc_nano.a(lib_a-memset.o)
                0x00000000080022fc                memset
 *(.glue_7)
 .glue_7        0x000000000800230c        0x0 linker stubs
 *(.glue_7t)
 .glue_7t       0x000000000800230c        0x0 linker stubs
 *(.eh_frame)
 .eh_frame      0x000000000800230c        0x0 /opt/stm32cubeide/plugins/com.st.stm32cube.ide.mcu.externaltools.gnu-tools-for-stm32.10.3-2021.10.linux64_1.0.0.202111181127/tools/bin/../lib/gcc/arm-none-eabi/10.3.1/thumb/v6-m/nofp/crtbegin.o
 *(.init)
 .init          0x000000000800230c        0x4 /opt/stm32cubeide/plugins/com.st.stm32cube.ide.mcu.externaltools.gnu-tools-for-stm32.10.3-2021.10.linux64_1.0.0.202111181127/tools/bin/../lib/gcc/arm-none-eabi/10.3.1/thumb/v6-m/nofp/crti.o
                0x000000000800230c                _init
 .init          0x0000000008002310        0x8 /opt/stm32cubeide/plugins/com.st.stm32cube.ide.mcu.externaltools.gnu-tools-for-stm32.10.3-2021.10.linux64_1.0.0.202111181127/tools/bin/../lib/gcc/arm-none-eabi/10.3.1/thumb/v6-m/nofp/crtn.o
 *(.fini)
 .fini          0x0000000008002318        0x4 /opt/stm32cubeide/plugins/com.st.stm32cube.ide.mcu.externaltools.gnu-tools-for-stm32.10.3-2021.10.linux64_1.0.0.202111181127/tools/bin/../lib/gcc/arm-none-eabi/10.3.1/thumb/v6-m/nofp/crti.o
                0x0000000008002318                _fini
 .fini          0x000000000800231c        0x8 /opt/stm32cubeide/plugins/com.st.stm32cube.ide.mcu.externaltools.gnu-tools-for-stm32.10.3-2021.10.linux64_1.0.0.202111181127/tools/bin/../lib/gcc/arm-none-eabi/10.3.1/thumb/v6-m/nofp/crtn.o
                0x0000000008002324                . = ALIGN (0x4)
                0x0000000008002324                _etext = .

.vfp11_veneer   0x0000000008002324        0x0
 .vfp11_veneer  0x0000000008002324        0x0 linker stubs

.v4_bx          0x0000000008002324        0x0
 .v4_bx         0x0000000008002324        0x0 linker stubs

.iplt           0x0000000008002324        0x0
 .iplt          0x0000000008002324        0x0 /opt/stm32cubeide/plugins/com.st.stm32cube.ide.mcu.externaltools.gnu-tools-for-stm32.10.3-2021.10.linux64_1.0.0.202111181127/tools/bin/../lib/gcc/arm-none-eabi/10.3.1/thumb/v6-m/nofp/crtbegin.o

.rodata         0x0000000008002324       0x34
                0x0000000008002324                . = ALIGN (0x4)
 *(.rodata)
 *(.rodata*)
 .rodata.AHBPrescTable
                0x0000000008002324       0x10 ./Core/Src/system_stm32l0xx.o
                0x0000000008002324                AHBPrescTable
 .rodata.APBPrescTable
                0x0000000008002334        0x8 ./Core/Src/system_stm32l0xx.o
                0x0000000008002334                APBPrescTable
 .rodata.PLLMulTable
                0x000000000800233c        0x9 ./Core/Src/system_stm32l0xx.o
                0x000000000800233c                PLLMulTable
 *fill*         0x0000000008002345        0x3 
 .rodata.OFFSET_TAB_CCMRx
                0x0000000008002348        0x7 ./Core/Src/tim.o
 *fill*         0x000000000800234f        0x1 
 .rodata.SHIFT_TAB_OCxx
                0x0000000008002350        0x7 ./Core/Src/tim.o
                0x0000000008002358                . = ALIGN (0x4)
 *fill*         0x0000000008002357        0x1 

.rel.dyn        0x0000000008002358        0x0
 .rel.iplt      0x0000000008002358        0x0 /opt/stm32cubeide/plugins/com.st.stm32cube.ide.mcu.externaltools.gnu-tools-for-stm32.10.3-2021.10.linux64_1.0.0.202111181127/tools/bin/../lib/gcc/arm-none-eabi/10.3.1/thumb/v6-m/nofp/crtbegin.o

.ARM.extab      0x0000000008002358        0x0
                0x0000000008002358                . = ALIGN (0x4)
 *(.ARM.extab* .gnu.linkonce.armextab.*)
                0x0000000008002358                . = ALIGN (0x4)

.ARM            0x0000000008002358        0x0
                0x0000000008002358                . = ALIGN (0x4)
                0x0000000008002358                __exidx_start = .
 *(.ARM.exidx*)
                0x0000000008002358                __exidx_end = .
                0x0000000008002358                . = ALIGN (0x4)

.preinit_array  0x0000000008002358        0x0
                0x0000000008002358                . = ALIGN (0x4)
                0x0000000008002358                PROVIDE (__preinit_array_start = .)
 *(.preinit_array*)
                0x0000000008002358                PROVIDE (__preinit_array_end = .)
                0x0000000008002358                . = ALIGN (0x4)

.init_array     0x0000000008002358        0x4
                0x0000000008002358                . = ALIGN (0x4)
                0x0000000008002358                PROVIDE (__init_array_start = .)
 *(SORT_BY_NAME(.init_array.*))
 *(.init_array*)
 .init_array    0x0000000008002358        0x4 /opt/stm32cubeide/plugins/com.st.stm32cube.ide.mcu.externaltools.gnu-tools-for-stm32.10.3-2021.10.linux64_1.0.0.202111181127/tools/bin/../lib/gcc/arm-none-eabi/10.3.1/thumb/v6-m/nofp/crtbegin.o
                0x000000000800235c                PROVIDE (__init_array_end = .)
                0x000000000800235c                . = ALIGN (0x4)

.fini_array     0x000000000800235c        0x4
                0x000000000800235c                . = ALIGN (0x4)
                [!provide]                        PROVIDE (__fini_array_start = .)
 *(SORT_BY_NAME(.fini_array.*))
 *(.fini_array*)
 .fini_array    0x000000000800235c        0x4 /opt/stm32cubeide/plugins/com.st.stm32cube.ide.mcu.externaltools.gnu-tools-for-stm32.10.3-2021.10.linux64_1.0.0.202111181127/tools/bin/../lib/gcc/arm-none-eabi/10.3.1/thumb/v6-m/nofp/crtbegin.o
                [!provide]                        PROVIDE (__fini_array_end = .)
                0x0000000008002360                . = ALIGN (0x4)
                0x0000000008002360                _sidata = LOADADDR (.data)

.data           0x0000000020000000       0x14 load address 0x0000000008002360
                0x0000000020000000                . = ALIGN (0x4)
                0x0000000020000000                _sdata = .
 *(.data)
 *(.data*)
 .data.TIM2_LED
                0x0000000020000000       0x10 ./Core/Src/main.o
                0x0000000020000000                TIM2_LED
 .data.SystemCoreClock
                0x0000000020000010        0x4 ./Core/Src/system_stm32l0xx.o
                0x0000000020000010                SystemCoreClock
 *(.RamFunc)
 *(.RamFunc*)
                0x0000000020000014                . = ALIGN (0x4)
                0x0000000020000014                _edata = .

.igot.plt       0x0000000020000014        0x0 load address 0x0000000008002374
 .igot.plt      0x0000000020000014        0x0 /opt/stm32cubeide/plugins/com.st.stm32cube.ide.mcu.externaltools.gnu-tools-for-stm32.10.3-2021.10.linux64_1.0.0.202111181127/tools/bin/../lib/gcc/arm-none-eabi/10.3.1/thumb/v6-m/nofp/crtbegin.o
                0x0000000020000014                . = ALIGN (0x4)

.bss            0x0000000020000014       0x1c load address 0x0000000008002374
                0x0000000020000014                _sbss = .
                0x0000000020000014                __bss_start__ = _sbss
 *(.bss)
 .bss           0x0000000020000014       0x1c /opt/stm32cubeide/plugins/com.st.stm32cube.ide.mcu.externaltools.gnu-tools-for-stm32.10.3-2021.10.linux64_1.0.0.202111181127/tools/bin/../lib/gcc/arm-none-eabi/10.3.1/thumb/v6-m/nofp/crtbegin.o
 *(.bss*)
 *(COMMON)
                0x0000000020000030                . = ALIGN (0x4)
                0x0000000020000030                _ebss = .
                0x0000000020000030                __bss_end__ = _ebss

._user_heap_stack
                0x0000000020000030      0x600 load address 0x0000000008002374
                0x0000000020000030                . = ALIGN (0x8)
                [!provide]                        PROVIDE (end = .)
                0x0000000020000030                PROVIDE (_end = .)
                0x0000000020000230                . = (. + _Min_Heap_Size)
 *fill*         0x0000000020000030      0x200 
                0x0000000020000630                . = (. + _Min_Stack_Size)
 *fill*         0x0000000020000230      0x400 
                0x0000000020000630                . = ALIGN (0x8)

/DISCARD/
 libc.a(*)
 libm.a(*)
 libgcc.a(*)

.ARM.attributes
                0x0000000000000000       0x28
 *(.ARM.attributes)
 .ARM.attributes
                0x0000000000000000       0x1e /opt/stm32cubeide/plugins/com.st.stm32cube.ide.mcu.externaltools.gnu-tools-for-stm32.10.3-2021.10.linux64_1.0.0.202111181127/tools/bin/../lib/gcc/arm-none-eabi/10.3.1/thumb/v6-m/nofp/crti.o
 .ARM.attributes
                0x000000000000001e       0x2c /opt/stm32cubeide/plugins/com.st.stm32cube.ide.mcu.externaltools.gnu-tools-for-stm32.10.3-2021.10.linux64_1.0.0.202111181127/tools/bin/../lib/gcc/arm-none-eabi/10.3.1/thumb/v6-m/nofp/crtbegin.o
 .ARM.attributes
                0x000000000000004a       0x2c ./Core/Src/Led.o
 .ARM.attributes
                0x0000000000000076       0x2c ./Core/Src/Serial.o
 .ARM.attributes
                0x00000000000000a2       0x2c ./Core/Src/TimeBase.o
 .ARM.attributes
                0x00000000000000ce       0x2c ./Core/Src/adc.o
 .ARM.attributes
                0x00000000000000fa       0x2c ./Core/Src/gpio.o
 .ARM.attributes
                0x0000000000000126       0x2c ./Core/Src/main.o
 .ARM.attributes
                0x0000000000000152       0x2c ./Core/Src/spi.o
 .ARM.attributes
                0x000000000000017e       0x2c ./Core/Src/stm32l0xx_it.o
 .ARM.attributes
                0x00000000000001aa       0x2c ./Core/Src/system_stm32l0xx.o
 .ARM.attributes
                0x00000000000001d6       0x2c ./Core/Src/tim.o
 .ARM.attributes
                0x0000000000000202       0x2c ./Core/Src/usart.o
 .ARM.attributes
                0x000000000000022e       0x22 ./Core/Startup/startup_stm32l021k4tx.o
 .ARM.attributes
                0x0000000000000250       0x2c ./Drivers/STM32L0xx_HAL_Driver/Src/stm32l0xx_ll_adc.o
 .ARM.attributes
                0x000000000000027c       0x2c ./Drivers/STM32L0xx_HAL_Driver/Src/stm32l0xx_ll_gpio.o
 .ARM.attributes
                0x00000000000002a8       0x2c ./Drivers/STM32L0xx_HAL_Driver/Src/stm32l0xx_ll_rcc.o
 .ARM.attributes
                0x00000000000002d4       0x2c ./Drivers/STM32L0xx_HAL_Driver/Src/stm32l0xx_ll_spi.o
 .ARM.attributes
                0x0000000000000300       0x2c ./Drivers/STM32L0xx_HAL_Driver/Src/stm32l0xx_ll_tim.o
 .ARM.attributes
                0x000000000000032c       0x2c ./Drivers/STM32L0xx_HAL_Driver/Src/stm32l0xx_ll_usart.o
 .ARM.attributes
                0x0000000000000358       0x2c ./Drivers/STM32L0xx_HAL_Driver/Src/stm32l0xx_ll_utils.o
 .ARM.attributes
                0x0000000000000384       0x2c /opt/stm32cubeide/plugins/com.st.stm32cube.ide.mcu.externaltools.gnu-tools-for-stm32.10.3-2021.10.linux64_1.0.0.202111181127/tools/bin/../lib/gcc/arm-none-eabi/10.3.1/../../../../arm-none-eabi/lib/thumb/v6-m/nofp/libc_nano.a(lib_a-init.o)
 .ARM.attributes
                0x00000000000003b0       0x2c /opt/stm32cubeide/plugins/com.st.stm32cube.ide.mcu.externaltools.gnu-tools-for-stm32.10.3-2021.10.linux64_1.0.0.202111181127/tools/bin/../lib/gcc/arm-none-eabi/10.3.1/../../../../arm-none-eabi/lib/thumb/v6-m/nofp/libc_nano.a(lib_a-memset.o)
 .ARM.attributes
                0x00000000000003dc       0x1e /opt/stm32cubeide/plugins/com.st.stm32cube.ide.mcu.externaltools.gnu-tools-for-stm32.10.3-2021.10.linux64_1.0.0.202111181127/tools/bin/../lib/gcc/arm-none-eabi/10.3.1/thumb/v6-m/nofp/libgcc.a(_udivsi3.o)
 .ARM.attributes
                0x00000000000003fa       0x1e /opt/stm32cubeide/plugins/com.st.stm32cube.ide.mcu.externaltools.gnu-tools-for-stm32.10.3-2021.10.linux64_1.0.0.202111181127/tools/bin/../lib/gcc/arm-none-eabi/10.3.1/thumb/v6-m/nofp/libgcc.a(_dvmd_tls.o)
 .ARM.attributes
                0x0000000000000418       0x1e /opt/stm32cubeide/plugins/com.st.stm32cube.ide.mcu.externaltools.gnu-tools-for-stm32.10.3-2021.10.linux64_1.0.0.202111181127/tools/bin/../lib/gcc/arm-none-eabi/10.3.1/thumb/v6-m/nofp/crtn.o
OUTPUT(firmware.elf elf32-littlearm)
LOAD linker stubs
LOAD /opt/stm32cubeide/plugins/com.st.stm32cube.ide.mcu.externaltools.gnu-tools-for-stm32.10.3-2021.10.linux64_1.0.0.202111181127/tools/bin/../lib/gcc/arm-none-eabi/10.3.1/../../../../arm-none-eabi/lib/thumb/v6-m/nofp/libc.a
LOAD /opt/stm32cubeide/plugins/com.st.stm32cube.ide.mcu.externaltools.gnu-tools-for-stm32.10.3-2021.10.linux64_1.0.0.202111181127/tools/bin/../lib/gcc/arm-none-eabi/10.3.1/../../../../arm-none-eabi/lib/thumb/v6-m/nofp/libm.a
LOAD /opt/stm32cubeide/plugins/com.st.stm32cube.ide.mcu.externaltools.gnu-tools-for-stm32.10.3-2021.10.linux64_1.0.0.202111181127/tools/bin/../lib/gcc/arm-none-eabi/10.3.1/thumb/v6-m/nofp/libgcc.a

.debug_info     0x0000000000000000     0x7433
 .debug_info    0x0000000000000000      0x39f ./Core/Src/Led.o
 .debug_info    0x000000000000039f      0x2d1 ./Core/Src/Serial.o
 .debug_info    0x0000000000000670      0x2a7 ./Core/Src/TimeBase.o
 .debug_info    0x0000000000000917      0x84e ./Core/Src/adc.o
 .debug_info    0x0000000000001165      0x469 ./Core/Src/gpio.o
 .debug_info    0x00000000000015ce      0xbd1 ./Core/Src/main.o
 .debug_info    0x000000000000219f      0x5e9 ./Core/Src/spi.o
 .debug_info    0x0000000000002788      0x36e ./Core/Src/stm32l0xx_it.o
 .debug_info    0x0000000000002af6      0x302 ./Core/Src/system_stm32l0xx.o
 .debug_info    0x0000000000002df8      0xb45 ./Core/Src/tim.o
 .debug_info    0x000000000000393d      0x614 ./Core/Src/usart.o
 .debug_info    0x0000000000003f51       0x22 ./Core/Startup/startup_stm32l021k4tx.o
 .debug_info    0x0000000000003f73      0x783 ./Drivers/STM32L0xx_HAL_Driver/Src/stm32l0xx_ll_adc.o
 .debug_info    0x00000000000046f6      0x5cc ./Drivers/STM32L0xx_HAL_Driver/Src/stm32l0xx_ll_gpio.o
 .debug_info    0x0000000000004cc2      0x78d ./Drivers/STM32L0xx_HAL_Driver/Src/stm32l0xx_ll_rcc.o
 .debug_info    0x000000000000544f      0x47c ./Drivers/STM32L0xx_HAL_Driver/Src/stm32l0xx_ll_spi.o
 .debug_info    0x00000000000058cb      0xc6d ./Drivers/STM32L0xx_HAL_Driver/Src/stm32l0xx_ll_tim.o
 .debug_info    0x0000000000006538      0x653 ./Drivers/STM32L0xx_HAL_Driver/Src/stm32l0xx_ll_usart.o
 .debug_info    0x0000000000006b8b      0x8a8 ./Drivers/STM32L0xx_HAL_Driver/Src/stm32l0xx_ll_utils.o

.debug_abbrev   0x0000000000000000     0x1df1
 .debug_abbrev  0x0000000000000000      0x157 ./Core/Src/Led.o
 .debug_abbrev  0x0000000000000157      0x136 ./Core/Src/Serial.o
 .debug_abbrev  0x000000000000028d      0x113 ./Core/Src/TimeBase.o
 .debug_abbrev  0x00000000000003a0      0x18c ./Core/Src/adc.o
 .debug_abbrev  0x000000000000052c      0x191 ./Core/Src/gpio.o
 .debug_abbrev  0x00000000000006bd      0x28b ./Core/Src/main.o
 .debug_abbrev  0x0000000000000948      0x191 ./Core/Src/spi.o
 .debug_abbrev  0x0000000000000ad9      0x173 ./Core/Src/stm32l0xx_it.o
 .debug_abbrev  0x0000000000000c4c      0x116 ./Core/Src/system_stm32l0xx.o
 .debug_abbrev  0x0000000000000d62      0x1cb ./Core/Src/tim.o
 .debug_abbrev  0x0000000000000f2d      0x191 ./Core/Src/usart.o
 .debug_abbrev  0x00000000000010be       0x12 ./Core/Startup/startup_stm32l021k4tx.o
 .debug_abbrev  0x00000000000010d0      0x1d5 ./Drivers/STM32L0xx_HAL_Driver/Src/stm32l0xx_ll_adc.o
 .debug_abbrev  0x00000000000012a5      0x19b ./Drivers/STM32L0xx_HAL_Driver/Src/stm32l0xx_ll_gpio.o
 .debug_abbrev  0x0000000000001440      0x214 ./Drivers/STM32L0xx_HAL_Driver/Src/stm32l0xx_ll_rcc.o
 .debug_abbrev  0x0000000000001654      0x17a ./Drivers/STM32L0xx_HAL_Driver/Src/stm32l0xx_ll_spi.o
 .debug_abbrev  0x00000000000017ce      0x203 ./Drivers/STM32L0xx_HAL_Driver/Src/stm32l0xx_ll_tim.o
 .debug_abbrev  0x00000000000019d1      0x1d0 ./Drivers/STM32L0xx_HAL_Driver/Src/stm32l0xx_ll_usart.o
 .debug_abbrev  0x0000000000001ba1      0x250 ./Drivers/STM32L0xx_HAL_Driver/Src/stm32l0xx_ll_utils.o

.debug_aranges  0x0000000000000000      0x8b8
 .debug_aranges
                0x0000000000000000       0x48 ./Core/Src/Led.o
 .debug_aranges
                0x0000000000000048       0x48 ./Core/Src/Serial.o
 .debug_aranges
                0x0000000000000090       0x30 ./Core/Src/TimeBase.o
 .debug_aranges
                0x00000000000000c0       0x70 ./Core/Src/adc.o
 .debug_aranges
                0x0000000000000130       0x30 ./Core/Src/gpio.o
 .debug_aranges
                0x0000000000000160       0xc0 ./Core/Src/main.o
 .debug_aranges
                0x0000000000000220       0x38 ./Core/Src/spi.o
 .debug_aranges
                0x0000000000000258       0x50 ./Core/Src/stm32l0xx_it.o
 .debug_aranges
                0x00000000000002a8       0x28 ./Core/Src/system_stm32l0xx.o
 .debug_aranges
                0x00000000000002d0       0x80 ./Core/Src/tim.o
 .debug_aranges
                0x0000000000000350       0x40 ./Core/Src/usart.o
 .debug_aranges
                0x0000000000000390       0x28 ./Core/Startup/startup_stm32l021k4tx.o
 .debug_aranges
                0x00000000000003b8       0xa8 ./Drivers/STM32L0xx_HAL_Driver/Src/stm32l0xx_ll_adc.o
 .debug_aranges
                0x0000000000000460       0x70 ./Drivers/STM32L0xx_HAL_Driver/Src/stm32l0xx_ll_gpio.o
 .debug_aranges
                0x00000000000004d0      0x130 ./Drivers/STM32L0xx_HAL_Driver/Src/stm32l0xx_ll_rcc.o
 .debug_aranges
                0x0000000000000600       0x50 ./Drivers/STM32L0xx_HAL_Driver/Src/stm32l0xx_ll_spi.o
 .debug_aranges
                0x0000000000000650      0x100 ./Drivers/STM32L0xx_HAL_Driver/Src/stm32l0xx_ll_tim.o
 .debug_aranges
                0x0000000000000750       0x78 ./Drivers/STM32L0xx_HAL_Driver/Src/stm32l0xx_ll_usart.o
 .debug_aranges
                0x00000000000007c8       0xf0 ./Drivers/STM32L0xx_HAL_Driver/Src/stm32l0xx_ll_utils.o

.debug_ranges   0x0000000000000000      0x790
 .debug_ranges  0x0000000000000000       0x38 ./Core/Src/Led.o
 .debug_ranges  0x0000000000000038       0x38 ./Core/Src/Serial.o
 .debug_ranges  0x0000000000000070       0x20 ./Core/Src/TimeBase.o
 .debug_ranges  0x0000000000000090       0x60 ./Core/Src/adc.o
 .debug_ranges  0x00000000000000f0       0x20 ./Core/Src/gpio.o
 .debug_ranges  0x0000000000000110       0xb0 ./Core/Src/main.o
 .debug_ranges  0x00000000000001c0       0x28 ./Core/Src/spi.o
 .debug_ranges  0x00000000000001e8       0x40 ./Core/Src/stm32l0xx_it.o
 .debug_ranges  0x0000000000000228       0x18 ./Core/Src/system_stm32l0xx.o
 .debug_ranges  0x0000000000000240       0x70 ./Core/Src/tim.o
 .debug_ranges  0x00000000000002b0       0x30 ./Core/Src/usart.o
 .debug_ranges  0x00000000000002e0       0x20 ./Core/Startup/startup_stm32l021k4tx.o
 .debug_ranges  0x0000000000000300       0x98 ./Drivers/STM32L0xx_HAL_Driver/Src/stm32l0xx_ll_adc.o
 .debug_ranges  0x0000000000000398       0x60 ./Drivers/STM32L0xx_HAL_Driver/Src/stm32l0xx_ll_gpio.o
 .debug_ranges  0x00000000000003f8      0x120 ./Drivers/STM32L0xx_HAL_Driver/Src/stm32l0xx_ll_rcc.o
 .debug_ranges  0x0000000000000518       0x40 ./Drivers/STM32L0xx_HAL_Driver/Src/stm32l0xx_ll_spi.o
 .debug_ranges  0x0000000000000558       0xf0 ./Drivers/STM32L0xx_HAL_Driver/Src/stm32l0xx_ll_tim.o
 .debug_ranges  0x0000000000000648       0x68 ./Drivers/STM32L0xx_HAL_Driver/Src/stm32l0xx_ll_usart.o
 .debug_ranges  0x00000000000006b0       0xe0 ./Drivers/STM32L0xx_HAL_Driver/Src/stm32l0xx_ll_utils.o

.debug_macro    0x0000000000000000     0xd108
 .debug_macro   0x0000000000000000       0xd3 ./Core/Src/Led.o
 .debug_macro   0x00000000000000d3      0xa90 ./Core/Src/Led.o
 .debug_macro   0x0000000000000b63       0x2e ./Core/Src/Led.o
 .debug_macro   0x0000000000000b91       0x28 ./Core/Src/Led.o
 .debug_macro   0x0000000000000bb9       0x22 ./Core/Src/Led.o
 .debug_macro   0x0000000000000bdb       0x8e ./Core/Src/Led.o
 .debug_macro   0x0000000000000c69       0x51 ./Core/Src/Led.o
 .debug_macro   0x0000000000000cba      0x103 ./Core/Src/Led.o
 .debug_macro   0x0000000000000dbd       0x6a ./Core/Src/Led.o
 .debug_macro   0x0000000000000e27      0x1df ./Core/Src/Led.o
 .debug_macro   0x0000000000001006       0x1c ./Core/Src/Led.o
 .debug_macro   0x0000000000001022       0x22 ./Core/Src/Led.o
 .debug_macro   0x0000000000001044       0xaf ./Core/Src/Led.o
 .debug_macro   0x00000000000010f3      0x3ad ./Core/Src/Led.o
 .debug_macro   0x00000000000014a0     0x7e04 ./Core/Src/Led.o
 .debug_macro   0x00000000000092a4       0x66 ./Core/Src/Led.o
 .debug_macro   0x000000000000930a      0x53f ./Core/Src/Led.o
 .debug_macro   0x0000000000009849       0xc9 ./Core/Src/Serial.o
 .debug_macro   0x0000000000009912      0x306 ./Core/Src/Serial.o
 .debug_macro   0x0000000000009c18       0xc9 ./Core/Src/TimeBase.o
 .debug_macro   0x0000000000009ce1      0x158 ./Core/Src/adc.o
 .debug_macro   0x0000000000009e39      0x6bf ./Core/Src/adc.o
 .debug_macro   0x000000000000a4f8      0x3b4 ./Core/Src/adc.o
 .debug_macro   0x000000000000a8ac       0xad ./Core/Src/adc.o
 .debug_macro   0x000000000000a959      0x13d ./Core/Src/adc.o
 .debug_macro   0x000000000000aa96      0x109 ./Core/Src/adc.o
 .debug_macro   0x000000000000ab9f       0x16 ./Core/Src/adc.o
 .debug_macro   0x000000000000abb5       0x2a ./Core/Src/adc.o
 .debug_macro   0x000000000000abdf       0xdb ./Core/Src/adc.o
 .debug_macro   0x000000000000acba      0x285 ./Core/Src/adc.o
 .debug_macro   0x000000000000af3f      0x124 ./Core/Src/adc.o
 .debug_macro   0x000000000000b063      0x545 ./Core/Src/adc.o
 .debug_macro   0x000000000000b5a8      0x30c ./Core/Src/adc.o
 .debug_macro   0x000000000000b8b4      0x12d ./Core/Src/adc.o
 .debug_macro   0x000000000000b9e1       0x3a ./Core/Src/adc.o
 .debug_macro   0x000000000000ba1b      0x158 ./Core/Src/gpio.o
 .debug_macro   0x000000000000bb73      0x1a2 ./Core/Src/main.o
 .debug_macro   0x000000000000bd15      0x158 ./Core/Src/spi.o
 .debug_macro   0x000000000000be6d      0x162 ./Core/Src/stm32l0xx_it.o
 .debug_macro   0x000000000000bfcf       0xba ./Core/Src/system_stm32l0xx.o
 .debug_macro   0x000000000000c089      0x158 ./Core/Src/tim.o
 .debug_macro   0x000000000000c1e1      0x158 ./Core/Src/usart.o
 .debug_macro   0x000000000000c339      0x131 ./Drivers/STM32L0xx_HAL_Driver/Src/stm32l0xx_ll_adc.o
 .debug_macro   0x000000000000c46a       0xfc ./Drivers/STM32L0xx_HAL_Driver/Src/stm32l0xx_ll_gpio.o
 .debug_macro   0x000000000000c566      0x127 ./Drivers/STM32L0xx_HAL_Driver/Src/stm32l0xx_ll_gpio.o
 .debug_macro   0x000000000000c68d       0xe7 ./Drivers/STM32L0xx_HAL_Driver/Src/stm32l0xx_ll_rcc.o
 .debug_macro   0x000000000000c774      0x3ae ./Drivers/STM32L0xx_HAL_Driver/Src/stm32l0xx_ll_rcc.o
 .debug_macro   0x000000000000cb22      0x123 ./Drivers/STM32L0xx_HAL_Driver/Src/stm32l0xx_ll_spi.o
 .debug_macro   0x000000000000cc45      0x11e ./Drivers/STM32L0xx_HAL_Driver/Src/stm32l0xx_ll_spi.o
 .debug_macro   0x000000000000cd63      0x11a ./Drivers/STM32L0xx_HAL_Driver/Src/stm32l0xx_ll_tim.o
 .debug_macro   0x000000000000ce7d      0x129 ./Drivers/STM32L0xx_HAL_Driver/Src/stm32l0xx_ll_usart.o
 .debug_macro   0x000000000000cfa6      0x162 ./Drivers/STM32L0xx_HAL_Driver/Src/stm32l0xx_ll_utils.o

.debug_line     0x0000000000000000     0x781f
 .debug_line    0x0000000000000000      0x4f1 ./Core/Src/Led.o
 .debug_line    0x00000000000004f1      0x526 ./Core/Src/Serial.o
 .debug_line    0x0000000000000a17      0x465 ./Core/Src/TimeBase.o
 .debug_line    0x0000000000000e7c      0x6cf ./Core/Src/adc.o
 .debug_line    0x000000000000154b      0x5e0 ./Core/Src/gpio.o
 .debug_line    0x0000000000001b2b      0x8f7 ./Core/Src/main.o
 .debug_line    0x0000000000002422      0x627 ./Core/Src/spi.o
 .debug_line    0x0000000000002a49      0x624 ./Core/Src/stm32l0xx_it.o
 .debug_line    0x000000000000306d      0x4bf ./Core/Src/system_stm32l0xx.o
 .debug_line    0x000000000000352c      0x833 ./Core/Src/tim.o
 .debug_line    0x0000000000003d5f      0x640 ./Core/Src/usart.o
 .debug_line    0x000000000000439f       0x9b ./Core/Startup/startup_stm32l021k4tx.o
 .debug_line    0x000000000000443a      0x6ce ./Drivers/STM32L0xx_HAL_Driver/Src/stm32l0xx_ll_adc.o
 .debug_line    0x0000000000004b08      0x5df ./Drivers/STM32L0xx_HAL_Driver/Src/stm32l0xx_ll_gpio.o
 .debug_line    0x00000000000050e7      0x9ff ./Drivers/STM32L0xx_HAL_Driver/Src/stm32l0xx_ll_rcc.o
 .debug_line    0x0000000000005ae6      0x566 ./Drivers/STM32L0xx_HAL_Driver/Src/stm32l0xx_ll_spi.o
 .debug_line    0x000000000000604c      0x8b7 ./Drivers/STM32L0xx_HAL_Driver/Src/stm32l0xx_ll_tim.o
 .debug_line    0x0000000000006903      0x63a ./Drivers/STM32L0xx_HAL_Driver/Src/stm32l0xx_ll_usart.o
 .debug_line    0x0000000000006f3d      0x8e2 ./Drivers/STM32L0xx_HAL_Driver/Src/stm32l0xx_ll_utils.o

.debug_str      0x0000000000000000    0x43169
 .debug_str     0x0000000000000000    0x3394b ./Core/Src/Led.o
                                      0x33b87 (size before relaxing)
 .debug_str     0x000000000003394b     0x123e ./Core/Src/Serial.o
                                      0x32253 (size before relaxing)
 .debug_str     0x0000000000034b89       0x3e ./Core/Src/TimeBase.o
                                      0x33b25 (size before relaxing)
 .debug_str     0x0000000000034bc7     0x9af8 ./Core/Src/adc.o
                                      0x3e709 (size before relaxing)
 .debug_str     0x000000000003e6bf       0x51 ./Core/Src/gpio.o
                                      0x3e475 (size before relaxing)
 .debug_str     0x000000000003e710      0x437 ./Core/Src/main.o
                                      0x3e97d (size before relaxing)
 .debug_str     0x000000000003eb47       0xcd ./Core/Src/spi.o
                                      0x3e533 (size before relaxing)
 .debug_str     0x000000000003ec14       0x9f ./Core/Src/stm32l0xx_it.o
                                      0x3e3f2 (size before relaxing)
 .debug_str     0x000000000003ecb3       0x89 ./Core/Src/system_stm32l0xx.o
                                      0x31137 (size before relaxing)
 .debug_str     0x000000000003ed3c      0x16c ./Core/Src/tim.o
                                      0x3e888 (size before relaxing)
 .debug_str     0x000000000003eea8       0xa2 ./Core/Src/usart.o
                                      0x3e543 (size before relaxing)
 .debug_str     0x000000000003ef4a       0x36 ./Core/Startup/startup_stm32l021k4tx.o
                                         0x77 (size before relaxing)
 .debug_str     0x000000000003ef80      0xe39 ./Drivers/STM32L0xx_HAL_Driver/Src/stm32l0xx_ll_adc.o
                                      0x36b75 (size before relaxing)
 .debug_str     0x000000000003fdb9      0x539 ./Drivers/STM32L0xx_HAL_Driver/Src/stm32l0xx_ll_gpio.o
                                      0x32239 (size before relaxing)
 .debug_str     0x00000000000402f2      0x534 ./Drivers/STM32L0xx_HAL_Driver/Src/stm32l0xx_ll_rcc.o
                                      0x32f3d (size before relaxing)
 .debug_str     0x0000000000040826      0x744 ./Drivers/STM32L0xx_HAL_Driver/Src/stm32l0xx_ll_spi.o
                                      0x33c7b (size before relaxing)
 .debug_str     0x0000000000040f6a      0xd6e ./Drivers/STM32L0xx_HAL_Driver/Src/stm32l0xx_ll_tim.o
                                      0x34e9f (size before relaxing)
 .debug_str     0x0000000000041cd8      0x7e6 ./Drivers/STM32L0xx_HAL_Driver/Src/stm32l0xx_ll_usart.o
                                      0x34817 (size before relaxing)
 .debug_str     0x00000000000424be      0xcab ./Drivers/STM32L0xx_HAL_Driver/Src/stm32l0xx_ll_utils.o
                                      0x34666 (size before relaxing)

.comment        0x0000000000000000       0x50
 .comment       0x0000000000000000       0x50 ./Core/Src/Led.o
                                         0x51 (size before relaxing)
 .comment       0x0000000000000050       0x51 ./Core/Src/Serial.o
 .comment       0x0000000000000050       0x51 ./Core/Src/TimeBase.o
 .comment       0x0000000000000050       0x51 ./Core/Src/adc.o
 .comment       0x0000000000000050       0x51 ./Core/Src/gpio.o
 .comment       0x0000000000000050       0x51 ./Core/Src/main.o
 .comment       0x0000000000000050       0x51 ./Core/Src/spi.o
 .comment       0x0000000000000050       0x51 ./Core/Src/stm32l0xx_it.o
 .comment       0x0000000000000050       0x51 ./Core/Src/system_stm32l0xx.o
 .comment       0x0000000000000050       0x51 ./Core/Src/tim.o
 .comment       0x0000000000000050       0x51 ./Core/Src/usart.o
 .comment       0x0000000000000050       0x51 ./Drivers/STM32L0xx_HAL_Driver/Src/stm32l0xx_ll_adc.o
 .comment       0x0000000000000050       0x51 ./Drivers/STM32L0xx_HAL_Driver/Src/stm32l0xx_ll_gpio.o
 .comment       0x0000000000000050       0x51 ./Drivers/STM32L0xx_HAL_Driver/Src/stm32l0xx_ll_rcc.o
 .comment       0x0000000000000050       0x51 ./Drivers/STM32L0xx_HAL_Driver/Src/stm32l0xx_ll_spi.o
 .comment       0x0000000000000050       0x51 ./Drivers/STM32L0xx_HAL_Driver/Src/stm32l0xx_ll_tim.o
 .comment       0x0000000000000050       0x51 ./Drivers/STM32L0xx_HAL_Driver/Src/stm32l0xx_ll_usart.o
 .comment       0x0000000000000050       0x51 ./Drivers/STM32L0xx_HAL_Driver/Src/stm32l0xx_ll_utils.o

.debug_frame    0x0000000000000000     0x1c68
 .debug_frame   0x0000000000000000       0xd0 ./Core/Src/Led.o
 .debug_frame   0x00000000000000d0       0xd4 ./Core/Src/Serial.o
 .debug_frame   0x00000000000001a4       0x6c ./Core/Src/TimeBase.o
 .debug_frame   0x0000000000000210      0x174 ./Core/Src/adc.o
 .debug_frame   0x0000000000000384       0x70 ./Core/Src/gpio.o
 .debug_frame   0x00000000000003f4      0x290 ./Core/Src/main.o
 .debug_frame   0x0000000000000684       0x90 ./Core/Src/spi.o
 .debug_frame   0x0000000000000714       0xd8 ./Core/Src/stm32l0xx_it.o
 .debug_frame   0x00000000000007ec       0x4c ./Core/Src/system_stm32l0xx.o
 .debug_frame   0x0000000000000838      0x1b4 ./Core/Src/tim.o
 .debug_frame   0x00000000000009ec       0xb0 ./Core/Src/usart.o
 .debug_frame   0x0000000000000a9c      0x250 ./Drivers/STM32L0xx_HAL_Driver/Src/stm32l0xx_ll_adc.o
 .debug_frame   0x0000000000000cec      0x170 ./Drivers/STM32L0xx_HAL_Driver/Src/stm32l0xx_ll_gpio.o
 .debug_frame   0x0000000000000e5c      0x42c ./Drivers/STM32L0xx_HAL_Driver/Src/stm32l0xx_ll_rcc.o
 .debug_frame   0x0000000000001288       0xf0 ./Drivers/STM32L0xx_HAL_Driver/Src/stm32l0xx_ll_spi.o
 .debug_frame   0x0000000000001378      0x3b0 ./Drivers/STM32L0xx_HAL_Driver/Src/stm32l0xx_ll_tim.o
 .debug_frame   0x0000000000001728      0x190 ./Drivers/STM32L0xx_HAL_Driver/Src/stm32l0xx_ll_usart.o
 .debug_frame   0x00000000000018b8      0x344 ./Drivers/STM32L0xx_HAL_Driver/Src/stm32l0xx_ll_utils.o
 .debug_frame   0x0000000000001bfc       0x2c /opt/stm32cubeide/plugins/com.st.stm32cube.ide.mcu.externaltools.gnu-tools-for-stm32.10.3-2021.10.linux64_1.0.0.202111181127/tools/bin/../lib/gcc/arm-none-eabi/10.3.1/../../../../arm-none-eabi/lib/thumb/v6-m/nofp/libc_nano.a(lib_a-init.o)
 .debug_frame   0x0000000000001c28       0x20 /opt/stm32cubeide/plugins/com.st.stm32cube.ide.mcu.externaltools.gnu-tools-for-stm32.10.3-2021.10.linux64_1.0.0.202111181127/tools/bin/../lib/gcc/arm-none-eabi/10.3.1/../../../../arm-none-eabi/lib/thumb/v6-m/nofp/libc_nano.a(lib_a-memset.o)
 .debug_frame   0x0000000000001c48       0x20 /opt/stm32cubeide/plugins/com.st.stm32cube.ide.mcu.externaltools.gnu-tools-for-stm32.10.3-2021.10.linux64_1.0.0.202111181127/tools/bin/../lib/gcc/arm-none-eabi/10.3.1/thumb/v6-m/nofp/libgcc.a(_udivsi3.o)
